grass.png
grass.png
grass.png
grass.png
grass.png
grass.png
grass.png
grass.png
grass.png
grass.png
Dirt1.png
Dirt1.png
Dirt1.png
Dirt1.png
Dirt1.png
Dirt1.png
Dirt1.png
Dirt1.png
Dirt1.png
Dirt1.png
Dirt1.png
Dirt1.png
Dirt1.png
Dirt1.png
Dirt1.png
Dirt1.png
Dirt1.png
Dirt1.png
Dirt1.png
Dirt1.png
Dirt1.png
Dirt1.png
Dirt1.png
Dirt1.png
Dirt1.png
Dirt1.png
Dirt1.png
Dirt1.png
Dirt1.png
Dirt1.png
Dirt1.png
Dirt1.png
Dirt1.png
Dirt1.png
Dirt1.png
Dirt1.png
Dirt1.png
Dirt1.png
Dirt1.png
Dirt1.png
Dirt1.png
Dirt1.png
Dirt1.png
Dirt1.png
Dirt1.png
Dirt1.png
Dirt1.png
Dirt1.png
Dirt1.png
Dirt1.png
Dirt1.png
Dirt1.png
Dirt1.png
Dirt1.png
Dirt1.png
Dirt1.png
Dirt1.png
Dirt1.png
Dirt1.png
Dirt1.png
Dirt1.png
Dirt1.png
Dirt1.png
Dirt1.png
Dirt1.png
Dirt1.png
Dirt1.png
Dirt1.png
Dirt1.png
Dirt1.png
Dirt1.png
Dirt1.png
Dirt1.png
Dirt1.png
Dirt1.png
Dirt1.png
Dirt1.png
Dirt1.png
Dirt1.png
Dirt1.png
Dirt1.png
Dirt1.png
Dirt1.png
Dirt1.png
Dirt1.png
Dirt1.png
Dirt1.png
Dirt1.png
Dirt1.png
Dirt1.png
Dirt1.png
Dirt1.png
Dirt1.png
Dirt1.png
Dirt1.png
Dirt1.png
Dirt1.png
Dirt1.png
Dirt1.png
Dirt1.png
Dirt1.png
Dirt1.png
Dirt1.png
Dirt1.png
Dirt1.png
Dirt1.png
Dirt1.png
Dirt1.png
Dirt1.png
Dirt1.png
Dirt1.png
Dirt1.png
Dirt1.png
Dirt1.png
Dirt1.png
Dirt1.png
Dirt1.png
Dirt1.png
Dirt1.png
Dirt1.png
Dirt1.png
Dirt1.png
Dirt1.png
Dirt1.png
Dirt1.png
Dirt1.png
Dirt1.png
Dirt1.png
Dirt1.png
Dirt1.png
Dirt1.png
Dirt1.png
Dirt1.png
Dirt1.png
Dirt1.png
Dirt1.png
Dirt1.png
Dirt1.png
Dirt1.png
Dirt1.png
Dirt1.png
Dirt1.png
Dirt1.png
Dirt1.png
Dirt1.png
Dirt1.png
Dirt1.png
Dirt1.png
Dirt1.png
Dirt1.png
Dirt1.png
Dirt1.png
Dirt1.png
Dirt1.png
Dirt1.png
Dirt1.png
Dirt1.png
Dirt1.png
Dirt1.png
Dirt1.png
Dirt1.png
Dirt1.png
Dirt1.png
Dirt1.png
Dirt1.png
Dirt1.png
Dirt1.png
Dirt1.png
Dirt1.png
Dirt1.png
Dirt1.png
Dirt1.png
Dirt1.png
Dirt1.png
Dirt1.png
Dirt1.png
Dirt1.png
Dirt1.png
Dirt1.png
Dirt1.png
Dirt1.png
Dirt1.png
Dirt1.png
Dirt1.png
Dirt1.png
Dirt1.png
Dirt1.png
Dirt1.png
Dirt1.png
Dirt1.png
Dirt1.png
Dirt1.png
Dirt1.png
Dirt1.png
Dirt1.png
Dirt1.png
Dirt1.png
Dirt1.png
Dirt1.png
Dirt1.png
Dirt1.png
Dirt1.png
Dirt1.png
Dirt1.png
Dirt1.png
Dirt1.png
Dirt1.png
Dirt1.png
Dirt1.png
Dirt1.png
Dirt1.png
Dirt1.png
Dirt1.png
Dirt1.png
Dirt1.png
Dirt1.png
Dirt1.png
Dirt1.png
Dirt1.png
Dirt1.png
Dirt1.png
Dirt1.png
Dirt1.png
Dirt1.png
Dirt1.png
Dirt1.png
Dirt1.png
Dirt1.png
Dirt1.png
Dirt1.png
Dirt1.png
Dirt1.png
Dirt1.png
Dirt1.png
Dirt1.png
Dirt1.png
Dirt1.png
Dirt1.png
Dirt1.png
Dirt1.png
Dirt1.png
Dirt1.png
Dirt1.png
Dirt1.png
Dirt1.png
Dirt1.png
Dirt1.png
Dirt1.png
Dirt1.png
Dirt1.png
Dirt1.png
Dirt1.png
Dirt1.png
Dirt1.png
Dirt1.png
Dirt1.png
Dirt1.png
Dirt1.png
Dirt1.png
Dirt1.png
Dirt1.png
Dirt1.png
Dirt1.png
Dirt1.png
Dirt1.png
Dirt1.png
Dirt1.png
Dirt1.png
Dirt1.png
Dirt1.png
Dirt1.png
Dirt1.png
Dirt1.png
Dirt1.png
Dirt1.png
Dirt1.png
Dirt1.png
Dirt1.png
Dirt1.png
Dirt1.png
Dirt1.png
Dirt1.png
Dirt1.png
Dirt1.png
Dirt1.png
Dirt1.png
Dirt1.png
Dirt1.png
Dirt1.png
Dirt1.png
Dirt1.png
Dirt1.png
Dirt1.png
Dirt1.png
Dirt1.png
Dirt1.png
Dirt1.png
Dirt1.png
Dirt1.png
Dirt1.png
Dirt1.png
Dirt1.png
Dirt1.png
Dirt1.png
Dirt1.png
Dirt1.png
Dirt1.png
Dirt1.png
Dirt1.png
Dirt1.png
Dirt1.png
Dirt1.png
Dirt1.png
Dirt1.png
Dirt1.png
Dirt1.png
Dirt1.png
Dirt1.png
Dirt1.png
Dirt1.png
Dirt1.png
Dirt1.png
Dirt1.png
Dirt1.png
Dirt1.png
Dirt1.png
Dirt1.png
Dirt1.png
Dirt1.png
Dirt1.png
Dirt1.png
Dirt1.png
Dirt1.png
Dirt1.png
Dirt1.png
Dirt1.png
Dirt1.png
Dirt1.png
Dirt1.png
Dirt1.png
Dirt1.png
Dirt1.png
Dirt1.png
Dirt1.png
Dirt1.png
Dirt1.png
Dirt1.png
Dirt1.png
Dirt1.png
Dirt1.png
Dirt1.png
Dirt1.png
Dirt1.png
Dirt1.png
Dirt1.png
Dirt1.png
Dirt1.png
Dirt1.png
Dirt1.png
Dirt1.png
Dirt1.png
Dirt1.png
Dirt1.png
Dirt1.png
Dirt1.png
Dirt1.png
Dirt1.png
Dirt1.png
Dirt1.png
Dirt1.png
Dirt1.png
Dirt1.png
Dirt1.png
Dirt1.png
Dirt1.png
Dirt1.png
Dirt1.png
Dirt1.png
Dirt1.png
Dirt1.png
Dirt1.png
Dirt1.png
Dirt1.png
Dirt1.png
Dirt1.png
Dirt1.png
Dirt1.png
Dirt1.png
Dirt1.png
Dirt1.png
Dirt1.png
Dirt1.png
Dirt1.png
Dirt1.png
Dirt1.png
Dirt1.png
Dirt1.png
Dirt1.png
Dirt1.png
Dirt1.png
Dirt1.png
Dirt1.png
Dirt1.png
Dirt1.png
Dirt1.png
Dirt1.png
Dirt1.png
Dirt1.png
Dirt1.png
Dirt1.png
Dirt1.png
Dirt1.png
Dirt1.png
Dirt1.png
Dirt1.png
Dirt1.png
Dirt1.png
Dirt1.png
Dirt1.png
Dirt1.png
Dirt1.png
Dirt1.png
Dirt1.png
Dirt1.png
Dirt1.png
Dirt1.png
Dirt1.png
Dirt1.png
Dirt1.png
Dirt1.png
Dirt1.png
Dirt1.png
Dirt1.png
Dirt1.png
Dirt1.png
Dirt1.png
Dirt1.png
Dirt1.png
Dirt1.png
Dirt1.png
Dirt1.png
Dirt1.png
Dirt1.png
Dirt1.png
Dirt1.png
Dirt1.png
Dirt1.png
Dirt1.png
Dirt1.png
Dirt1.png
Dirt1.png
Dirt1.png
Dirt1.png
Dirt1.png
Dirt1.png
Dirt1.png
Dirt1.png
Dirt1.png
Dirt1.png
Dirt1.png
Dirt1.png
Dirt1.png
Dirt1.png
Dirt1.png
Dirt1.png
Dirt1.png
Dirt1.png
Dirt1.png
Dirt1.png
Dirt1.png
Dirt1.png
Dirt1.png
Dirt1.png
Dirt1.png
Dirt1.png
Dirt1.png
Dirt1.png
Dirt1.png
Dirt1.png
Dirt1.png
Dirt1.png
Dirt1.png
Dirt1.png
Dirt1.png
Dirt1.png
Dirt1.png
Dirt1.png
Dirt1.png
Dirt1.png
Dirt1.png
Dirt1.png
Dirt1.png
Dirt1.png
Dirt1.png
Dirt1.png
Dirt1.png
Dirt1.png
Dirt1.png
Dirt1.png
Dirt1.png
Dirt1.png
Dirt1.png
Dirt1.png
Dirt1.png
Dirt1.png
Dirt1.png
Dirt1.png
Dirt1.png
Dirt1.png
Dirt1.png
Dirt1.png
Dirt1.png
Dirt1.png
Dirt1.png
Dirt1.png
Dirt1.png
Dirt1.png
Dirt1.png
Dirt1.png
Dirt1.png
Dirt1.png
Dirt1.png
Dirt1.png
Dirt1.png
Dirt1.png
Dirt1.png
Dirt1.png
Dirt1.png
Dirt1.png
Dirt1.png
Dirt1.png
Dirt1.png
Dirt1.png
Dirt1.png
Dirt1.png
Dirt1.png
Dirt1.png
Dirt1.png
Dirt1.png
Dirt1.png
Dirt1.png
Dirt1.png
Dirt1.png
Dirt1.png
Dirt1.png
Dirt1.png
Dirt1.png
Dirt1.png
Dirt1.png
Dirt1.png
Dirt1.png
Dirt1.png
Dirt1.png
Dirt1.png
Dirt1.png
Dirt1.png
Dirt1.png
Dirt1.png
Dirt1.png
Dirt1.png
Dirt1.png
Dirt1.png
Dirt1.png
Dirt1.png
Dirt1.png
Dirt1.png
Dirt1.png
Dirt1.png
Dirt1.png
Dirt1.png
Dirt1.png
Dirt1.png
Dirt1.png
Dirt1.png
Dirt1.png
Dirt1.png
Dirt1.png
Dirt1.png
Dirt1.png
Dirt1.png
Dirt1.png
Dirt1.png
Dirt1.png
Dirt1.png
Dirt1.png
Dirt1.png
Dirt1.png
Dirt1.png
Dirt1.png
Dirt1.png
Dirt1.png
Dirt1.png
Dirt1.png
Dirt1.png
Dirt1.png
Dirt1.png
Dirt1.png
Dirt1.png
Dirt1.png
Dirt1.png
Dirt1.png
Dirt1.png
Dirt1.png
Dirt1.png
Dirt1.png
Dirt1.png
Dirt1.png
Dirt1.png
Dirt1.png
Dirt1.png
Dirt1.png
Dirt1.png
Dirt1.png
Dirt1.png
Dirt1.png
Dirt1.png
Dirt1.png
Dirt1.png
Dirt1.png
Dirt1.png
Dirt1.png
Dirt1.png
Dirt1.png
Dirt1.png
Dirt1.png
Dirt1.png
Dirt1.png
Dirt1.png
Dirt1.png
Dirt1.png
Dirt1.png
Dirt1.png
Dirt1.png
Dirt1.png
Dirt1.png
Dirt1.png
Dirt1.png
Dirt1.png
Dirt1.png
Dirt1.png
Dirt1.png
Dirt1.png
Dirt1.png
Dirt1.png
Dirt1.png
Dirt1.png
Dirt1.png
Dirt1.png
Dirt1.png
Dirt1.png
Dirt1.png
Dirt1.png
Dirt1.png
Dirt1.png
Dirt1.png
Dirt1.png
Dirt1.png
Dirt1.png
Dirt1.png
Dirt1.png
Dirt1.png
Dirt1.png
Dirt1.png
Dirt1.png
Dirt1.png
Dirt1.png
Dirt1.png
Dirt1.png
Dirt1.png
Dirt1.png
Dirt1.png
Dirt1.png
Dirt1.png
Dirt1.png
Dirt1.png
Dirt1.png
Dirt1.png
Dirt1.png
Dirt1.png
Dirt1.png
Dirt1.png
Dirt1.png
Dirt1.png
Dirt1.png
Dirt1.png
Dirt1.png
Dirt1.png
Dirt1.png
Dirt1.png
Dirt1.png
Dirt1.png
Dirt1.png
Dirt1.png
Dirt1.png
Dirt1.png
Dirt1.png
Dirt1.png
Dirt1.png
Dirt1.png
Dirt1.png
Dirt1.png
Dirt1.png
Dirt1.png
Dirt1.png
Dirt1.png
Dirt1.png
Dirt1.png
Dirt1.png
Dirt1.png
Dirt1.png
Dirt1.png
Dirt1.png
Dirt1.png
Dirt1.png
Dirt1.png
Dirt1.png
Dirt1.png
Dirt1.png
Dirt1.png
Dirt1.png
Dirt1.png
Dirt1.png
Dirt1.png
Dirt1.png
Dirt1.png
Dirt1.png
Dirt1.png
Dirt1.png
Dirt1.png
Dirt1.png
Dirt1.png
Dirt1.png
Dirt1.png
Dirt1.png
Dirt1.png
Dirt1.png
Dirt1.png
Dirt1.png
Dirt1.png
Dirt1.png
Dirt1.png
Dirt1.png
Dirt1.png
Dirt1.png
Dirt1.png
Dirt1.png
Dirt1.png
Dirt1.png
Dirt1.png
Dirt1.png
Dirt1.png
Dirt1.png
Dirt1.png
Dirt1.png
Dirt1.png
Dirt1.png
Dirt1.png
Dirt1.png
Dirt1.png
Dirt1.png
Dirt1.png
Dirt1.png
Dirt1.png
Dirt1.png
Dirt1.png
Dirt1.png
Dirt1.png
Dirt1.png
Dirt1.png
Dirt1.png
Dirt1.png
Dirt1.png
Dirt1.png
Dirt1.png
Dirt1.png
Dirt1.png
Dirt1.png
Dirt1.png
Dirt1.png
Dirt1.png
Dirt1.png
Dirt1.png
Dirt1.png
Dirt1.png
Dirt1.png
Dirt1.png
Dirt1.png
Dirt1.png
Dirt1.png
Dirt1.png
Dirt1.png
Dirt1.png
Dirt1.png
Dirt1.png
Dirt1.png
Dirt1.png
Dirt1.png
Dirt1.png
Dirt1.png
Dirt1.png
Dirt1.png
Dirt1.png
Dirt1.png
Dirt1.png
Dirt1.png
Dirt1.png
Dirt1.png
Dirt1.png
Dirt1.png
Dirt1.png
Dirt1.png
Dirt1.png
Dirt1.png
Dirt1.png
Dirt1.png
Dirt1.png
Dirt1.png
Dirt1.png
Dirt1.png
Dirt1.png
Dirt1.png
Dirt1.png
Dirt1.png
Dirt1.png
Dirt1.png
Dirt1.png
Dirt1.png
Dirt1.png
Dirt1.png
Dirt1.png
Dirt1.png
Dirt1.png
Dirt1.png
Dirt1.png
Dirt1.png
Dirt1.png
Dirt1.png
Dirt1.png
Dirt1.png
Dirt1.png
Dirt1.png
Dirt1.png
Dirt1.png
Dirt1.png
Dirt1.png
Dirt1.png
Dirt1.png
Dirt1.png
Dirt1.png
Dirt1.png
Dirt1.png
Dirt1.png
Dirt1.png
Dirt1.png
Dirt1.png
Dirt1.png
Dirt1.png
Dirt1.png
Dirt1.png
Dirt1.png
Dirt1.png
Dirt1.png
Dirt1.png
Dirt1.png
Dirt1.png
Dirt1.png
Dirt1.png
Dirt1.png
Dirt1.png
Dirt1.png
Dirt1.png
Dirt1.png
Dirt1.png
Dirt1.png
Dirt1.png
Dirt1.png
Dirt1.png
Dirt1.png
Dirt1.png
Dirt1.png
Dirt1.png
Dirt1.png
Dirt1.png
Dirt1.png
Dirt1.png
Dirt1.png
Dirt1.png
Dirt1.png
Dirt1.png
Dirt1.png
Dirt1.png
Dirt1.png
Dirt1.png
Dirt1.png
Dirt1.png
Dirt1.png
Dirt1.png
Dirt1.png
Dirt1.png
Dirt1.png
Dirt1.png
Dirt1.png
Dirt1.png
Dirt1.png
Dirt1.png
Dirt1.png
Dirt1.png
Dirt1.png
Dirt1.png
Dirt1.png
Dirt1.png
Dirt1.png
Dirt1.png
Dirt1.png
Dirt1.png
Dirt1.png
Dirt1.png
Dirt1.png
Dirt1.png
Dirt1.png
Dirt1.png
Dirt1.png
Dirt1.png
Dirt1.png
Dirt1.png
Dirt1.png
Dirt1.png
Dirt1.png
Dirt1.png
Dirt1.png
Dirt1.png
Dirt1.png
Dirt1.png
Dirt1.png
Dirt1.png
Dirt1.png
Dirt1.png
Dirt1.png
Dirt1.png
Dirt1.png
Dirt1.png
Dirt1.png
Dirt1.png
Dirt1.png
Dirt1.png
Dirt1.png
Dirt1.png
Dirt1.png
Dirt1.png
Dirt1.png
Dirt1.png
Dirt1.png
Dirt1.png
Dirt1.png
Dirt1.png
Dirt1.png
Dirt1.png
Dirt1.png
Dirt1.png
Dirt1.png
Dirt1.png
Dirt1.png
Dirt1.png
Dirt1.png
Dirt1.png
Dirt1.png
Dirt1.png
Dirt1.png
Dirt1.png
Dirt1.png
Dirt1.png
Dirt1.png
Dirt1.png
Dirt1.png
Dirt1.png
Dirt1.png
Dirt1.png
Dirt1.png
Dirt1.png
Dirt1.png
Dirt1.png
Dirt1.png
Dirt1.png
Dirt1.png
Dirt1.png
Dirt1.png
Dirt1.png
Dirt1.png
Dirt1.png
Dirt1.png
Dirt1.png
Dirt1.png
Dirt1.png
Dirt1.png
Dirt1.png
Dirt1.png
Dirt1.png
Dirt1.png
Dirt1.png
Dirt1.png
Dirt1.png
Dirt1.png
Dirt1.png
Dirt1.png
Dirt1.png
Dirt1.png
Dirt1.png
Dirt1.png
Dirt1.png
Dirt1.png
Dirt1.png
Dirt1.png
Dirt1.png
Dirt1.png
Dirt1.png
Dirt1.png
Dirt1.png
Dirt1.png
Dirt1.png
Dirt1.png
Dirt1.png
Dirt1.png
Dirt1.png
Dirt1.png
Dirt1.png
Dirt1.png
Dirt1.png
Dirt1.png
Dirt1.png
Dirt1.png
Dirt1.png
Dirt1.png
Dirt1.png
Dirt1.png
Dirt1.png
Dirt1.png
Dirt1.png
Dirt1.png
Dirt1.png
Dirt1.png
Dirt1.png
Dirt1.png
Dirt1.png
Dirt1.png
Dirt1.png
Dirt1.png
Dirt1.png
Dirt1.png
Dirt1.png
Dirt1.png
Dirt1.png
Dirt1.png
Dirt1.png
Dirt1.png
Dirt1.png
Dirt1.png
Dirt1.png
Dirt1.png
Dirt1.png
Dirt1.png
Dirt1.png
Dirt1.png
Dirt1.png
Dirt1.png
Dirt1.png
Dirt1.png
Dirt1.png
Dirt1.png
Dirt1.png
Dirt1.png
Dirt1.png
Dirt1.png
Dirt1.png
Dirt1.png
Dirt1.png
Dirt1.png
Dirt1.png
Dirt1.png
Dirt1.png
Dirt1.png
Dirt1.png
Dirt1.png
Dirt1.png
Dirt1.png
Dirt1.png
Dirt1.png
Dirt1.png
Dirt1.png
Dirt1.png
Dirt1.png
Dirt1.png
Dirt1.png
Dirt1.png
Dirt1.png
Dirt1.png
Dirt1.png
Dirt1.png
Dirt1.png
Dirt1.png
Dirt1.png
Dirt1.png
Dirt1.png
Dirt1.png
Dirt1.png
Dirt1.png
Dirt1.png
Dirt1.png
Dirt1.png
Dirt1.png
Dirt1.png
Dirt1.png
Dirt1.png
Dirt1.png
Dirt1.png
Dirt1.png
Dirt1.png
Dirt1.png
Dirt1.png
Dirt1.png
Dirt1.png
Dirt1.png
Dirt1.png
Dirt1.png
Dirt1.png
Dirt1.png
Dirt1.png
Dirt1.png
Dirt1.png
Dirt1.png
Dirt1.png
Dirt1.png
Dirt1.png
Dirt1.png
Dirt1.png
Dirt1.png
Dirt1.png
Dirt1.png
Dirt1.png
Dirt1.png
Dirt1.png
Dirt1.png
Dirt1.png
Dirt1.png
Dirt1.png
Dirt1.png
Dirt1.png
Dirt1.png
Dirt1.png
Dirt1.png
Dirt1.png
Dirt1.png
Dirt1.png
Dirt1.png
Dirt1.png
Dirt1.png
Dirt1.png
Dirt1.png
Dirt1.png
Dirt1.png
Dirt1.png
Dirt1.png
Dirt1.png
Dirt1.png
Dirt1.png
Dirt1.png
Dirt1.png
Dirt1.png
Dirt1.png
Dirt1.png
Dirt1.png
Dirt1.png
Dirt1.png
Dirt1.png
Dirt1.png
Dirt1.png
Dirt1.png
Dirt1.png
Dirt1.png
Dirt1.png
Dirt1.png
Dirt1.png
Dirt1.png
Dirt1.png
Dirt1.png
Dirt1.png
Dirt1.png
Dirt1.png
Dirt1.png
Dirt1.png
Dirt1.png
Dirt1.png
Dirt1.png
Dirt1.png
Dirt1.png
Dirt1.png
Dirt1.png
Dirt1.png
Dirt1.png
Dirt1.png
Dirt1.png
Dirt1.png
Dirt1.png
Dirt1.png
Dirt1.png
Dirt1.png
Dirt1.png
Dirt1.png
Dirt1.png
Dirt1.png
Dirt1.png
Dirt1.png
Dirt1.png
Dirt1.png
Dirt1.png
Dirt1.png
Dirt1.png
Dirt1.png
Dirt1.png
Dirt1.png
Dirt1.png
Dirt1.png
Dirt1.png
Dirt1.png
Dirt1.png
Dirt1.png
Dirt1.png
Dirt1.png
Dirt1.png
Dirt1.png
Dirt1.png
Dirt1.png
Dirt1.png
Dirt1.png
Dirt1.png
Dirt1.png
Dirt1.png
Dirt1.png
Dirt1.png
Dirt1.png
Dirt1.png
Dirt1.png
Dirt1.png
Dirt1.png
Dirt1.png
Dirt1.png
Dirt1.png
Dirt1.png
Dirt1.png
Dirt1.png
Dirt1.png
Dirt1.png
Dirt1.png
Dirt1.png
Dirt1.png
Dirt1.png
Dirt1.png
Dirt1.png
Dirt1.png
Dirt1.png
Dirt1.png
Dirt1.png
Dirt1.png
Dirt1.png
Dirt1.png
Dirt1.png
Dirt1.png
Dirt1.png
Dirt1.png
Dirt1.png
Dirt1.png
Dirt1.png
Dirt1.png
Dirt1.png
Dirt1.png
Dirt1.png
Dirt1.png
Dirt1.png
Dirt1.png
Dirt1.png
Dirt1.png
Dirt1.png
Dirt1.png
Dirt1.png
Dirt1.png
Dirt1.png
Dirt1.png
Dirt1.png
Dirt1.png
Dirt1.png
Dirt1.png
Dirt1.png
Dirt1.png
Dirt1.png
Dirt1.png
Dirt1.png
Dirt1.png
Dirt1.png
Dirt1.png
Dirt1.png
Dirt1.png
Dirt1.png
Dirt1.png
Dirt1.png
Dirt1.png
Dirt1.png
Dirt1.png
Dirt1.png
Dirt1.png
Dirt1.png
Dirt1.png
Dirt1.png
Dirt1.png
Dirt1.png
Dirt1.png
Dirt1.png
Dirt1.png
Dirt1.png
Dirt1.png
Dirt1.png
Dirt1.png
Dirt1.png
Dirt1.png
Dirt1.png
Dirt1.png
Dirt1.png
Dirt1.png
Dirt1.png
Dirt1.png
Dirt1.png
Dirt1.png
Dirt1.png
Dirt1.png
Dirt1.png
Dirt1.png
Dirt1.png
Dirt1.png
Dirt1.png
Dirt1.png
Dirt1.png
Dirt1.png
Dirt1.png
Dirt1.png
Dirt1.png
Dirt1.png
Dirt1.png
Dirt1.png
Dirt1.png
Dirt1.png
Dirt1.png
Dirt1.png
Dirt1.png
Dirt1.png
Dirt1.png
Dirt1.png
Dirt1.png
Dirt1.png
Dirt1.png
Dirt1.png
Dirt1.png
Dirt1.png
Dirt1.png
Dirt1.png
Dirt1.png
Dirt1.png
Dirt1.png
Dirt1.png
Dirt1.png
Dirt1.png
Dirt1.png
Dirt1.png
Dirt1.png
Dirt1.png
Dirt1.png
Dirt1.png
Dirt1.png
Dirt1.png
Dirt1.png
Dirt1.png
Dirt1.png
Dirt1.png
Dirt1.png
Dirt1.png
Dirt1.png
Dirt1.png
Dirt1.png
Dirt1.png
Dirt1.png
Dirt1.png
Dirt1.png
Dirt1.png
Dirt1.png
Dirt1.png
Dirt1.png
Dirt1.png
Dirt1.png
Dirt1.png
Dirt1.png
Dirt1.png
Dirt1.png
Dirt1.png
Dirt1.png
Dirt1.png
Dirt1.png
Dirt1.png
Dirt1.png
Dirt1.png
Dirt1.png
Dirt1.png
Dirt1.png
Dirt1.png
Dirt1.png
Dirt1.png
Dirt1.png
Dirt1.png
Dirt1.png
Dirt1.png
Dirt1.png
Dirt1.png
Dirt1.png
Dirt1.png
Dirt1.png
Dirt1.png
Dirt1.png
Dirt1.png
Dirt1.png
Dirt1.png
Dirt1.png
Dirt1.png
Dirt1.png
Dirt1.png
Dirt1.png
Dirt1.png
Dirt1.png
Dirt1.png
Dirt1.png
Dirt1.png
Dirt1.png
Dirt1.png
Dirt1.png
Dirt1.png
Dirt1.png
Dirt1.png
Dirt1.png
Dirt1.png
Dirt1.png
Dirt1.png
Dirt1.png
Dirt1.png
Dirt1.png
Dirt1.png
Dirt1.png
Dirt1.png
Dirt1.png
Dirt1.png
Dirt1.png
Dirt1.png
Dirt1.png
Dirt1.png
Dirt1.png
Dirt1.png
Dirt1.png
Dirt1.png
Dirt1.png
Dirt1.png
Dirt1.png
Dirt1.png
Dirt1.png
Dirt1.png
Dirt1.png
Dirt1.png
Dirt1.png
Dirt1.png
Dirt1.png
Dirt1.png
Dirt1.png
Dirt1.png
Dirt1.png
Dirt1.png
Dirt1.png
Dirt1.png
Dirt1.png
Dirt1.png
Dirt1.png
Dirt1.png
Dirt1.png
Dirt1.png
Dirt1.png
Dirt1.png
Dirt1.png
Dirt1.png
Dirt1.png
Dirt1.png
Dirt1.png
Dirt1.png
Dirt1.png
Dirt1.png
Dirt1.png
Dirt1.png
Dirt1.png
Dirt1.png
Dirt1.png
Dirt1.png
Dirt1.png
Dirt1.png
Dirt1.png
Dirt1.png
Dirt1.png
Dirt1.png
Dirt1.png
Dirt1.png
Dirt1.png
Dirt1.png
Dirt1.png
Dirt1.png
Dirt1.png
Dirt1.png
Dirt1.png
Dirt1.png
Dirt1.png
Dirt1.png
Dirt1.png
Dirt1.png
Dirt1.png
Dirt1.png
Dirt1.png
Dirt1.png
Dirt1.png
Dirt1.png
Dirt1.png
Dirt1.png
Dirt1.png
Dirt1.png
Dirt1.png
Dirt1.png
Dirt1.png
Dirt1.png
Dirt1.png
Dirt1.png
Dirt1.png
Dirt1.png
Dirt1.png
Dirt1.png
Dirt1.png
Dirt1.png
Dirt1.png
Dirt1.png
Dirt1.png
Dirt1.png
Dirt1.png
Dirt1.png
Dirt1.png
Dirt1.png
Dirt1.png
Dirt1.png
Dirt1.png
Dirt1.png
Dirt1.png
Dirt1.png
Dirt1.png
Dirt1.png
Dirt1.png
Dirt1.png
Dirt1.png
Dirt1.png
Dirt1.png
Dirt1.png
Dirt1.png
Dirt1.png
Dirt1.png
Dirt1.png
Dirt1.png
Dirt1.png
Dirt1.png
Dirt1.png
Dirt1.png
Dirt1.png
Dirt1.png
Dirt1.png
Dirt1.png
Dirt1.png
Dirt1.png
Dirt1.png
Dirt1.png
Dirt1.png
Dirt1.png
Dirt1.png
Dirt1.png
Dirt1.png
Dirt1.png
Dirt1.png
Dirt1.png
Dirt1.png
Dirt1.png
Dirt1.png
Dirt1.png
Dirt1.png
Dirt1.png
Dirt1.png
Dirt1.png
Dirt1.png
Dirt1.png
Dirt1.png
Dirt1.png
Dirt1.png
Dirt1.png
Dirt1.png
Dirt1.png
Dirt1.png
Dirt1.png
Dirt1.png
Dirt1.png
Dirt1.png
Dirt1.png
Dirt1.png
Dirt1.png
Dirt1.png
Dirt1.png
Dirt1.png
Dirt1.png
Dirt1.png
Dirt1.png
Dirt1.png
Dirt1.png
Dirt1.png
Dirt1.png
Dirt1.png
Dirt1.png
Dirt1.png
Dirt1.png
Dirt1.png
Dirt1.png
Dirt1.png
Dirt1.png
Dirt1.png
Dirt1.png
Dirt1.png
Dirt1.png
Dirt1.png
Dirt1.png
Dirt1.png
Dirt1.png
Dirt1.png
Dirt1.png
Dirt1.png
Dirt1.png
Dirt1.png
Dirt1.png
Dirt1.png
Dirt1.png
Dirt1.png
Dirt1.png
Dirt1.png
Dirt1.png
Dirt1.png
Dirt1.png
Dirt1.png
Dirt1.png
Dirt1.png
Dirt1.png
Dirt1.png
Dirt1.png
Dirt1.png
Dirt1.png
Dirt1.png
Dirt1.png
Dirt1.png
Dirt1.png
Dirt1.png
Dirt1.png
Dirt1.png
Dirt1.png
Dirt1.png
Dirt1.png
Dirt1.png
Dirt1.png
Dirt1.png
Dirt1.png
Dirt1.png
Dirt1.png
Dirt1.png
Dirt1.png
Dirt1.png
Dirt1.png
Dirt1.png
Dirt1.png
Dirt1.png
Dirt1.png
Dirt1.png
Dirt1.png
Dirt1.png
Dirt1.png
Dirt1.png
Dirt1.png
Dirt1.png
Dirt1.png
Dirt1.png
Dirt1.png
Dirt1.png
Dirt1.png
Dirt1.png
Dirt1.png
Dirt1.png
Dirt1.png
Dirt1.png
Dirt1.png
Dirt1.png
Dirt1.png
Dirt1.png
Dirt1.png
Dirt1.png
Dirt1.png
Dirt1.png
Dirt1.png
Dirt1.png
Dirt1.png
Dirt1.png
Dirt1.png
Dirt1.png
Dirt1.png
Dirt1.png
Dirt1.png
Dirt1.png
Dirt1.png
Dirt1.png
Dirt1.png
Dirt1.png
Dirt1.png
Dirt1.png
Dirt1.png
Dirt1.png
Dirt1.png
Dirt1.png
Dirt1.png
Dirt1.png
Dirt1.png
Dirt1.png
Dirt1.png
Dirt1.png
Dirt1.png
Dirt1.png
Dirt1.png
Dirt1.png
Dirt1.png
Dirt1.png
Dirt1.png
Dirt1.png
Dirt1.png
Dirt1.png
Dirt1.png
Dirt1.png
Dirt1.png
Dirt1.png
Dirt1.png
Dirt1.png
Dirt1.png
Dirt1.png
Dirt1.png
Dirt1.png
Dirt1.png
Dirt1.png
Dirt1.png
Dirt1.png
Dirt1.png
Dirt1.png
Dirt1.png
Dirt1.png
Dirt1.png
Dirt1.png
Dirt1.png
Dirt1.png
Dirt1.png
Dirt1.png
Dirt1.png
Dirt1.png
Dirt1.png
Dirt1.png
Dirt1.png
Dirt1.png
Dirt1.png
Dirt1.png
Dirt1.png
Dirt1.png
Dirt1.png
Dirt1.png
Dirt1.png
Dirt1.png
Dirt1.png
Dirt1.png
Dirt1.png
Dirt1.png
Dirt1.png
Dirt1.png
Dirt1.png
Dirt1.png
Dirt1.png
Dirt1.png
Dirt1.png
Dirt1.png
Dirt1.png
Dirt1.png
Dirt1.png
Dirt1.png
Dirt1.png
Dirt1.png
Dirt1.png
Dirt1.png
Dirt1.png
Dirt1.png
Dirt1.png
Dirt1.png
Dirt1.png
Dirt1.png
Dirt1.png
Dirt1.png
Dirt1.png
Dirt1.png
Dirt1.png
Dirt1.png
Dirt1.png
Dirt1.png
Dirt1.png
Dirt1.png
Dirt1.png
Dirt1.png
Dirt1.png
Dirt1.png
Dirt1.png
Dirt1.png
Dirt1.png
Dirt1.png
Dirt1.png
Dirt1.png
Dirt1.png
Dirt1.png
Dirt1.png
Dirt1.png
Dirt1.png
Dirt1.png
Dirt1.png
Dirt1.png
Dirt1.png
Dirt1.png
Dirt1.png
Dirt1.png
Dirt1.png
Dirt1.png
Dirt1.png
Dirt1.png
Dirt1.png
Dirt1.png
Dirt1.png
Dirt1.png
Dirt1.png
Dirt1.png
Dirt1.png
Dirt1.png
Dirt1.png
Dirt1.png
Dirt1.png
Dirt1.png
Dirt1.png
Dirt1.png
Dirt1.png
Dirt1.png
Dirt1.png
Dirt1.png
Dirt1.png
Dirt1.png
Dirt1.png
Dirt1.png
Dirt1.png
Dirt1.png
Dirt1.png
Dirt1.png
Dirt1.png
Dirt1.png
Dirt1.png
Dirt1.png
Dirt1.png
Dirt1.png
Dirt1.png
Dirt1.png
Dirt1.png
Dirt1.png
Dirt1.png
Dirt1.png
Dirt1.png
Dirt1.png
Dirt1.png
Dirt1.png
Dirt1.png
Dirt1.png
Dirt1.png
Dirt1.png
Dirt1.png
Dirt1.png
Dirt1.png
Dirt1.png
Dirt1.png
Dirt1.png
Dirt1.png
Dirt1.png
Dirt1.png
Dirt1.png
Dirt1.png
Dirt1.png
Dirt1.png
Dirt1.png
Dirt1.png
Dirt1.png
Dirt1.png
Dirt1.png
Dirt1.png
Dirt1.png
Dirt1.png
Dirt1.png
Dirt1.png
Dirt1.png
Dirt1.png
Dirt1.png
Dirt1.png
Dirt1.png
Dirt1.png
Dirt1.png
Dirt1.png
Dirt1.png
Dirt1.png
Dirt1.png
Dirt1.png
Dirt1.png
Dirt1.png
Dirt1.png
Dirt1.png
Dirt1.png
Dirt1.png
Dirt1.png
Dirt1.png
Dirt1.png
Dirt1.png
Dirt1.png
Dirt1.png
Dirt1.png
Dirt1.png
Dirt1.png
Dirt1.png
Dirt1.png
Dirt1.png
Dirt1.png
Dirt1.png
Dirt1.png
Dirt1.png
Dirt1.png
Dirt1.png
Dirt1.png
Dirt1.png
Dirt1.png
Dirt1.png
Dirt1.png
Dirt1.png
Dirt1.png
Dirt1.png
Dirt1.png
Dirt1.png
Dirt1.png
Dirt1.png
Dirt1.png
Dirt1.png
Dirt1.png
Dirt1.png
Dirt1.png
Dirt1.png
Dirt1.png
Dirt1.png
Dirt1.png
Dirt1.png
Dirt1.png
Dirt1.png
Dirt1.png
Dirt1.png
Dirt1.png
Dirt1.png
Dirt1.png
Dirt1.png
Dirt1.png
Dirt1.png
Dirt1.png
Dirt1.png
Dirt1.png
Dirt1.png
Dirt1.png
Dirt1.png
Dirt1.png
Dirt1.png
Dirt1.png
Dirt1.png
Dirt1.png
Dirt1.png
Dirt1.png
Dirt1.png
Dirt1.png
Dirt1.png
Dirt1.png
Dirt1.png
Dirt1.png
Dirt1.png
Dirt1.png
Dirt1.png
Dirt1.png
Dirt1.png
Dirt1.png
Dirt1.png
Dirt1.png
Dirt1.png
Dirt1.png
Dirt1.png
Dirt1.png
Dirt1.png
Dirt1.png
Dirt1.png
Dirt1.png
Dirt1.png
Dirt1.png
Dirt1.png
Dirt1.png
Dirt1.png
Dirt1.png
Dirt1.png
Dirt1.png
Dirt1.png
Dirt1.png
Dirt1.png
Dirt1.png
Dirt1.png
Dirt1.png
Dirt1.png
Dirt1.png
Dirt1.png
Dirt1.png
Dirt1.png
Dirt1.png
Dirt1.png
Dirt1.png
Dirt1.png
Dirt1.png
Dirt1.png
Dirt1.png
Dirt1.png
Dirt1.png
Dirt1.png
Dirt1.png
Dirt1.png
Dirt1.png
Dirt1.png
Dirt1.png
Dirt1.png
Dirt1.png
Dirt1.png
Dirt1.png
Dirt1.png
Dirt1.png
Dirt1.png
Dirt1.png
Dirt1.png
Dirt1.png
Dirt1.png
Dirt1.png
Dirt1.png
Dirt1.png
Dirt1.png
Dirt1.png
Dirt1.png
Dirt1.png
Dirt1.png
Dirt1.png
Dirt1.png
Dirt1.png
Dirt1.png
Dirt1.png
Dirt1.png
Dirt1.png
Dirt1.png
Dirt1.png
Dirt1.png
Dirt1.png
Dirt1.png
Dirt1.png
Dirt1.png
Dirt1.png
Dirt1.png
Dirt1.png
Dirt1.png
Dirt1.png
Dirt1.png
Dirt1.png
Dirt1.png
Dirt1.png
Dirt1.png
Dirt1.png
Dirt1.png
Dirt1.png
Dirt1.png
Dirt1.png
Dirt1.png
Dirt1.png
Dirt1.png
Dirt1.png
Dirt1.png
Dirt1.png
Dirt1.png
Dirt1.png
Dirt1.png
Dirt1.png
Dirt1.png
Dirt1.png
Dirt1.png
Dirt1.png
Dirt1.png
Dirt1.png
Dirt1.png
Dirt1.png
Dirt1.png
Dirt1.png
Dirt1.png
Dirt1.png
Dirt1.png
Dirt1.png
Dirt1.png
Dirt1.png
Dirt1.png
Dirt1.png
Dirt1.png
Dirt1.png
Dirt1.png
Dirt1.png
Dirt1.png
Dirt1.png
Dirt1.png
Dirt1.png
Dirt1.png
Dirt1.png
Dirt1.png
Dirt1.png
Dirt1.png
Dirt1.png
Dirt1.png
Dirt1.png
Dirt1.png
Dirt1.png
Dirt1.png
Dirt1.png
Dirt1.png
Dirt1.png
Dirt1.png
Dirt1.png
Dirt1.png
Dirt1.png
Dirt1.png
Dirt1.png
Dirt1.png
Dirt1.png
Dirt1.png
Dirt1.png
Dirt1.png
Dirt1.png
Dirt1.png
Dirt1.png
Dirt1.png
Dirt1.png
Dirt1.png
Dirt1.png
Dirt1.png
Dirt1.png
Dirt1.png
Dirt1.png
Dirt1.png
Dirt1.png
Dirt1.png
Dirt1.png
Dirt1.png
Dirt1.png
Dirt1.png
Dirt1.png
Dirt1.png
Dirt1.png
Dirt1.png
Dirt1.png
Dirt1.png
Dirt1.png
Dirt1.png
Dirt1.png
Dirt1.png
Dirt1.png
Dirt1.png
Dirt1.png
Dirt1.png
Dirt1.png
Dirt1.png
Dirt1.png
Dirt1.png
Dirt1.png
Dirt1.png
Dirt1.png
Dirt1.png
Dirt1.png
Dirt1.png
Dirt1.png
Dirt1.png
Dirt1.png
Dirt1.png
Dirt1.png
Dirt1.png
Dirt1.png
Dirt1.png
Dirt1.png
Dirt1.png
Dirt1.png
Dirt1.png
Dirt1.png
Dirt1.png
Dirt1.png
Dirt1.png
Dirt1.png
Dirt1.png
Dirt1.png
Dirt1.png
Dirt1.png
Dirt1.png
Dirt1.png
Dirt1.png
Dirt1.png
Dirt1.png
Dirt1.png
Dirt1.png
Dirt1.png
Dirt1.png
Dirt1.png
Dirt1.png
Dirt1.png
Dirt1.png
Dirt1.png
Dirt1.png
Dirt1.png
Dirt1.png
Dirt1.png
Dirt1.png
Dirt1.png
Dirt1.png
Dirt1.png
Dirt1.png
Dirt1.png
Dirt1.png
Dirt1.png
Dirt1.png
Dirt1.png
Dirt1.png
Dirt1.png
Dirt1.png
Dirt1.png
Dirt1.png
Dirt1.png
Dirt1.png
Dirt1.png
Dirt1.png
Dirt1.png
Dirt1.png
Dirt1.png
Dirt1.png
Dirt1.png
Dirt1.png
Dirt1.png
Dirt1.png
Dirt1.png
Dirt1.png
Dirt1.png
Dirt1.png
Dirt1.png
Dirt1.png
Dirt1.png
Dirt1.png
Dirt1.png
Dirt1.png
Dirt1.png
Dirt1.png
Dirt1.png
Dirt1.png
Dirt1.png
Dirt1.png
Dirt1.png
Dirt1.png
Dirt1.png
Dirt1.png
Dirt1.png
Dirt1.png
Dirt1.png
Dirt1.png
Dirt1.png
Dirt1.png
Dirt1.png
Dirt1.png
Dirt1.png
Dirt1.png
Dirt1.png
Dirt1.png
Dirt1.png
Dirt1.png
Dirt1.png
Dirt1.png
Dirt1.png
Dirt1.png
Dirt1.png
Dirt1.png
Dirt1.png
Dirt1.png
Dirt1.png
Dirt1.png
Dirt1.png
Dirt1.png
Dirt1.png
Dirt1.png
Dirt1.png
Dirt1.png
Dirt1.png
Dirt1.png
Dirt1.png
Dirt1.png
Dirt1.png
Dirt1.png
Dirt1.png
Dirt1.png
Dirt1.png
Dirt1.png
Dirt1.png
Dirt1.png
Dirt1.png
Dirt1.png
Dirt1.png
Dirt1.png
Dirt1.png
Dirt1.png
Dirt1.png
Dirt1.png
Dirt1.png
Dirt1.png
Dirt1.png
Dirt1.png
Dirt1.png
Dirt1.png
Dirt1.png
Dirt1.png
Dirt1.png
Dirt1.png
Dirt1.png
Dirt1.png
Dirt1.png
Dirt1.png
Dirt1.png
Dirt1.png
Dirt1.png
Dirt1.png
Dirt1.png
Dirt1.png
Dirt1.png
Dirt1.png
Dirt1.png
Dirt1.png
Dirt1.png
Dirt1.png
Dirt1.png
Dirt1.png
Dirt1.png
Dirt1.png
Dirt1.png
Dirt1.png
Dirt1.png
Dirt1.png
Dirt1.png
Dirt1.png
Dirt1.png
Dirt1.png
Dirt1.png
Dirt1.png
Dirt1.png
Dirt1.png
Dirt1.png
Dirt1.png
Dirt1.png
Dirt1.png
Dirt1.png
Dirt1.png
Dirt1.png
Dirt1.png
Dirt1.png
Dirt1.png
Dirt1.png
Dirt1.png
Dirt1.png
Dirt1.png
Dirt1.png
Dirt1.png
Dirt1.png
Dirt1.png
Dirt1.png
Dirt1.png
Dirt1.png
Dirt1.png
Dirt1.png
Dirt1.png
Dirt1.png
Dirt1.png
Dirt1.png
Dirt1.png
Dirt1.png
Dirt1.png
Dirt1.png
Dirt1.png
Dirt1.png
Dirt1.png
Dirt1.png
Dirt1.png
Dirt1.png
Dirt1.png
Dirt1.png
Dirt1.png
Dirt1.png
Dirt1.png
Dirt1.png
Dirt1.png
Dirt1.png
Dirt1.png
Dirt1.png
Dirt1.png
Dirt1.png
Dirt1.png
Dirt1.png
Dirt1.png
Dirt1.png
Dirt1.png
Dirt1.png
Dirt1.png
Dirt1.png
Dirt1.png
Dirt1.png
Dirt1.png
Dirt1.png
Dirt1.png
Dirt1.png
Dirt1.png
Dirt1.png
Dirt1.png
Dirt1.png
Dirt1.png
Dirt1.png
Dirt1.png
Dirt1.png
Dirt1.png
Dirt1.png
Dirt1.png
Dirt1.png
Dirt1.png
Dirt1.png
Dirt1.png
Dirt1.png
Dirt1.png
Dirt1.png
Dirt1.png
Dirt1.png
Dirt1.png
Dirt1.png
Dirt1.png
Dirt1.png
Dirt1.png
Dirt1.png
Dirt1.png
Dirt1.png
Dirt1.png
Dirt1.png
Dirt1.png
Dirt1.png
Dirt1.png
Dirt1.png
Dirt1.png
Dirt1.png
Dirt1.png
Dirt1.png
Dirt1.png
Dirt1.png
Dirt1.png
Dirt1.png
Dirt1.png
Dirt1.png
Dirt1.png
Dirt1.png
Dirt1.png
Dirt1.png
Dirt1.png
Dirt1.png
Dirt1.png
Dirt1.png
Dirt1.png
Dirt1.png
Dirt1.png
Dirt1.png
Dirt1.png
Dirt1.png
Dirt1.png
Dirt1.png
Dirt1.png
Dirt1.png
Dirt1.png
Dirt1.png
Dirt1.png
Dirt1.png
Dirt1.png
Dirt1.png
Dirt1.png
Dirt1.png
Dirt1.png
Dirt1.png
Dirt1.png
Dirt1.png
Dirt1.png
Dirt1.png
Dirt1.png
Dirt1.png
Dirt1.png
Dirt1.png
Dirt1.png
Dirt1.png
Dirt1.png
Dirt1.png
Dirt1.png
Dirt1.png
Dirt1.png
Dirt1.png
Dirt1.png
Dirt1.png
Dirt1.png
Dirt1.png
Dirt1.png
Dirt1.png
Dirt1.png
Dirt1.png
Dirt1.png
Dirt1.png
Dirt1.png
Dirt1.png
Dirt1.png
Dirt1.png
Dirt1.png
Dirt1.png
Dirt1.png
Dirt1.png
Dirt1.png
Dirt1.png
Dirt1.png
Dirt1.png
Dirt1.png
Dirt1.png
Dirt1.png
Dirt1.png
Dirt1.png
Dirt1.png
Dirt1.png
Dirt1.png
Dirt1.png
Dirt1.png
Dirt1.png
Dirt1.png
Dirt1.png
Dirt1.png
Dirt1.png
Dirt1.png
Dirt1.png
Dirt1.png
Dirt1.png
Dirt1.png
Dirt1.png
Dirt1.png
Dirt1.png
Dirt1.png
Dirt1.png
Dirt1.png
Dirt1.png
Dirt1.png
Dirt1.png
Dirt1.png
Dirt1.png
Dirt1.png
Dirt1.png
Dirt1.png
Dirt1.png
Dirt1.png
Dirt1.png
Dirt1.png
Dirt1.png
Dirt1.png
Dirt1.png
Dirt1.png
Dirt1.png
Dirt1.png
Dirt1.png
Dirt1.png
Dirt1.png
Dirt1.png
Dirt1.png
Dirt1.png
Dirt1.png
Dirt1.png
Dirt1.png
Dirt1.png
Dirt1.png
Dirt1.png
Dirt1.png
Dirt1.png
Dirt1.png
Dirt1.png
Dirt1.png
Dirt1.png
Dirt1.png
Dirt1.png
Dirt1.png
Dirt1.png
Dirt1.png
Dirt1.png
Dirt1.png
Dirt1.png
Dirt1.png
Dirt1.png
Dirt1.png
Dirt1.png
Dirt1.png
Dirt1.png
Dirt1.png
Dirt1.png
Dirt1.png
Dirt1.png
Dirt1.png
Dirt1.png
Dirt1.png
Dirt1.png
Dirt1.png
Dirt1.png
Dirt1.png
Dirt1.png
Dirt1.png
Dirt1.png
Dirt1.png
Dirt1.png
Dirt1.png
Dirt1.png
Dirt1.png
Dirt1.png
Dirt1.png
Dirt1.png
Dirt1.png
Dirt1.png
Dirt1.png
Dirt1.png
Dirt1.png
Dirt1.png
Dirt1.png
Dirt1.png
Dirt1.png
Dirt1.png
Dirt1.png
Dirt1.png
Dirt1.png
Dirt1.png
Dirt1.png
Dirt1.png
Dirt1.png
Dirt1.png
Dirt1.png
Dirt1.png
Dirt1.png
Dirt1.png
Dirt1.png
Dirt1.png
Dirt1.png
Dirt1.png
Dirt1.png
Dirt1.png
Dirt1.png
Dirt1.png
Dirt1.png
Dirt1.png
Dirt1.png
Dirt1.png
Dirt1.png
Dirt1.png
Dirt1.png
Dirt1.png
Dirt1.png
Dirt1.png
Dirt1.png
Dirt1.png
Dirt1.png
Dirt1.png
Dirt1.png
Dirt1.png
Dirt1.png
Dirt1.png
Dirt1.png
Dirt1.png
Dirt1.png
Dirt1.png
Dirt1.png
Dirt1.png
Dirt1.png
Dirt1.png
Dirt1.png
Dirt1.png
Dirt1.png
Dirt1.png
Dirt1.png
Dirt1.png
Dirt1.png
Dirt1.png
Dirt1.png
Dirt1.png
Dirt1.png
Dirt1.png
Dirt1.png
Dirt1.png
Dirt1.png
Dirt1.png
Dirt1.png
Dirt1.png
Dirt1.png
Dirt1.png
Dirt1.png
Dirt1.png
Dirt1.png
Dirt1.png
Dirt1.png
Dirt1.png
Dirt1.png
Dirt1.png
Dirt1.png
Dirt1.png
Dirt1.png
Dirt1.png
Dirt1.png
Dirt1.png
Dirt1.png
Dirt1.png
Dirt1.png
Dirt1.png
Dirt1.png
Dirt1.png
Dirt1.png
Dirt1.png
Dirt1.png
Dirt1.png
Dirt1.png
Dirt1.png
Dirt1.png
Dirt1.png
Dirt1.png
Dirt1.png
Dirt1.png
Dirt1.png
Dirt1.png
Dirt1.png
Dirt1.png
Dirt1.png
Dirt1.png
Dirt1.png
Dirt1.png
Dirt1.png
Dirt1.png
Dirt1.png
Dirt1.png
Dirt1.png
Dirt1.png
Dirt1.png
Dirt1.png
Dirt1.png
Dirt1.png
Dirt1.png
Dirt1.png
Dirt1.png
Dirt1.png
Dirt1.png
Dirt1.png
Dirt1.png
Dirt1.png
Dirt1.png
Dirt1.png
Dirt1.png
Dirt1.png
Dirt1.png
Dirt1.png
Dirt1.png
Dirt1.png
Dirt1.png
Dirt1.png
Dirt1.png
Dirt1.png
Dirt1.png
Dirt1.png
Dirt1.png
Dirt1.png
Dirt1.png
Dirt1.png
Dirt1.png
Dirt1.png
Dirt1.png
Dirt1.png
Dirt1.png
Dirt1.png
Dirt1.png
Dirt1.png
Dirt1.png
Dirt1.png
Dirt1.png
Dirt1.png
Dirt1.png
Dirt1.png
Dirt1.png
Dirt1.png
Dirt1.png
Dirt1.png
Dirt1.png
Dirt1.png
Dirt1.png
Dirt1.png
Dirt1.png
Dirt1.png
Dirt1.png
Dirt1.png
Dirt1.png
Dirt1.png
Dirt1.png
Dirt1.png
Dirt1.png
Dirt1.png
Dirt1.png
Dirt1.png
Dirt1.png
Dirt1.png
Dirt1.png
Dirt1.png
Dirt1.png
Dirt1.png
Dirt1.png
Dirt1.png
Dirt1.png
Dirt1.png
Dirt1.png
Dirt1.png
Dirt1.png
Dirt1.png
Dirt1.png
Dirt1.png
Dirt1.png
Dirt1.png
Dirt1.png
Dirt1.png
Dirt1.png
Dirt1.png
Dirt1.png
Dirt1.png
Dirt1.png
Dirt1.png
Dirt1.png
Dirt1.png
Dirt1.png
Dirt1.png
Dirt1.png
Dirt1.png
Dirt1.png
Dirt1.png
Dirt1.png
Dirt1.png
Dirt1.png
Dirt1.png
Dirt1.png
Dirt1.png
Dirt1.png
Dirt1.png
Dirt1.png
Dirt1.png
Dirt1.png
Dirt1.png
Dirt1.png
Dirt1.png
Dirt1.png
Dirt1.png
Dirt1.png
Dirt1.png
Dirt1.png
Dirt1.png
Dirt1.png
Dirt1.png
Dirt1.png
Dirt1.png
Dirt1.png
Dirt1.png
Dirt1.png
Dirt1.png
Dirt1.png
Dirt1.png
Dirt1.png
Dirt1.png
Dirt1.png
Dirt1.png
Dirt1.png
Dirt1.png
Dirt1.png
Dirt1.png
Dirt1.png
Dirt1.png
Dirt1.png
Dirt1.png
Dirt1.png
Dirt1.png
Dirt1.png
Dirt1.png
Dirt1.png
Dirt1.png
Dirt1.png
Dirt1.png
Dirt1.png
Dirt1.png
Dirt1.png
Dirt1.png
Dirt1.png
Dirt1.png
Dirt1.png
Dirt1.png
Dirt1.png
Dirt1.png
Dirt1.png
Dirt1.png
Dirt1.png
Dirt1.png
Dirt1.png
Dirt1.png
Dirt1.png
Dirt1.png
Dirt1.png
Dirt1.png
Dirt1.png
Dirt1.png
Dirt1.png
Dirt1.png
Dirt1.png
Dirt1.png
Dirt1.png
Dirt1.png
Dirt1.png
Dirt1.png
Dirt1.png
Dirt1.png
Dirt1.png
Dirt1.png
Dirt1.png
Dirt1.png
Dirt1.png
Dirt1.png
Dirt1.png
Dirt1.png
Dirt1.png
Dirt1.png
Dirt1.png
Dirt1.png
Dirt1.png
Dirt1.png
Dirt1.png
Dirt1.png
Dirt1.png
Dirt1.png
Dirt1.png
Dirt1.png
Dirt1.png
Dirt1.png
Dirt1.png
Dirt1.png
Dirt1.png
Dirt1.png
Dirt1.png
Dirt1.png
Dirt1.png
Dirt1.png
Dirt1.png
Dirt1.png
Dirt1.png
Dirt1.png
Dirt1.png
Dirt1.png
Dirt1.png
Dirt1.png
Dirt1.png
Dirt1.png
Dirt1.png
Dirt1.png
Dirt1.png
Dirt1.png
Dirt1.png
Dirt1.png
Dirt1.png
Dirt1.png
Dirt1.png
Dirt1.png
Dirt1.png
Dirt1.png
Dirt1.png
Dirt1.png
Dirt1.png
Dirt1.png
Dirt1.png
Dirt1.png
Dirt1.png
Dirt1.png
Dirt1.png
Dirt1.png
Dirt1.png
Dirt1.png
Dirt1.png
Dirt1.png
Dirt1.png
Dirt1.png
Dirt1.png
Dirt1.png
Dirt1.png
Dirt1.png
Dirt1.png
Dirt1.png
Dirt1.png
Dirt1.png
Dirt1.png
Dirt1.png
Dirt1.png
Dirt1.png
Dirt1.png
Dirt1.png
Dirt1.png
Dirt1.png
Dirt1.png
Dirt1.png
Dirt1.png
Dirt1.png
Dirt1.png
Dirt1.png
Dirt1.png
Dirt1.png
Dirt1.png
Dirt1.png
Dirt1.png
Dirt1.png
Dirt1.png
Dirt1.png
Dirt1.png
Dirt1.png
Dirt1.png
Dirt1.png
Dirt1.png
Dirt1.png
Dirt1.png
Dirt1.png
Dirt1.png
Dirt1.png
Dirt1.png
Dirt1.png
Dirt1.png
Dirt1.png
Dirt1.png
Dirt1.png
Dirt1.png
Dirt1.png
Dirt1.png
Dirt1.png
Dirt1.png
Dirt1.png
Dirt1.png
Dirt1.png
Dirt1.png
Dirt1.png
Dirt1.png
Dirt1.png
Dirt1.png
Dirt1.png
Dirt1.png
Dirt1.png
Dirt1.png
Dirt1.png
Dirt1.png
Dirt1.png
Dirt1.png
Dirt1.png
Dirt1.png
Dirt1.png
Dirt1.png
Dirt1.png
Dirt1.png
Dirt1.png
Dirt1.png
Dirt1.png
Dirt1.png
Dirt1.png
Dirt1.png
Dirt1.png
Dirt1.png
Dirt1.png
Dirt1.png
Dirt1.png
Dirt1.png
Dirt1.png
Dirt1.png
Dirt1.png
Dirt1.png
Dirt1.png
Dirt1.png
Dirt1.png
Dirt1.png
Dirt1.png
Dirt1.png
Dirt1.png
Dirt1.png
Dirt1.png
Dirt1.png
Dirt1.png
Dirt1.png
Dirt1.png
Dirt1.png
Dirt1.png
Dirt1.png
Dirt1.png
Dirt1.png
Dirt1.png
Dirt1.png
Dirt1.png
Dirt1.png
Dirt1.png
Dirt1.png
Dirt1.png
Dirt1.png
Dirt1.png
Dirt1.png
Dirt1.png
Dirt1.png
Dirt1.png
Dirt1.png
Dirt1.png
Dirt1.png
Dirt1.png
Dirt1.png
Dirt1.png
Dirt1.png
Dirt1.png
Dirt1.png
Dirt1.png
Dirt1.png
Dirt1.png
Dirt1.png
Dirt1.png
Dirt1.png
Dirt1.png
Dirt1.png
Dirt1.png
Dirt1.png
Dirt1.png
Dirt1.png
Dirt1.png
Dirt1.png
Dirt1.png
Dirt1.png
Dirt1.png
Dirt1.png
Dirt1.png
Dirt1.png
Dirt1.png
Dirt1.png
Dirt1.png
Dirt1.png
Dirt1.png
Dirt1.png
Dirt1.png
Dirt1.png
Dirt1.png
Dirt1.png
Dirt1.png
Dirt1.png
Dirt1.png
Dirt1.png
Dirt1.png
Dirt1.png
Dirt1.png
Dirt1.png
Dirt1.png
Dirt1.png
Dirt1.png
Dirt1.png
Dirt1.png
Dirt1.png
Dirt1.png
Dirt1.png
Dirt1.png
Dirt1.png
Dirt1.png
Dirt1.png
Dirt1.png
Dirt1.png
Dirt1.png
Dirt1.png
Dirt1.png
Dirt1.png
Dirt1.png
Dirt1.png
Dirt1.png
Dirt1.png
Dirt1.png
Dirt1.png
Dirt1.png
Dirt1.png
Dirt1.png
Dirt1.png
Dirt1.png
Dirt1.png
Dirt1.png
Dirt1.png
Dirt1.png
Dirt1.png
Dirt1.png
Dirt1.png
Dirt1.png
Dirt1.png
Dirt1.png
Dirt1.png
Dirt1.png
Dirt1.png
Dirt1.png
Dirt1.png
Dirt1.png
Dirt1.png
Dirt1.png
Dirt1.png
Dirt1.png
Dirt1.png
Dirt1.png
Dirt1.png
Dirt1.png
Dirt1.png
Dirt1.png
Dirt1.png
Dirt1.png
Dirt1.png
Dirt1.png
Dirt1.png
Dirt1.png
Dirt1.png
Dirt1.png
Dirt1.png
Dirt1.png
Dirt1.png
Dirt1.png
Dirt1.png
Dirt1.png
Dirt1.png
Dirt1.png
Dirt1.png
Dirt1.png
Dirt1.png
Dirt1.png
Dirt1.png
Dirt1.png
Dirt1.png
Dirt1.png
Dirt1.png
Dirt1.png
Dirt1.png
Dirt1.png
Dirt1.png
Dirt1.png
Dirt1.png
Dirt1.png
Dirt1.png
Dirt1.png
Dirt1.png
Dirt1.png
Dirt1.png
Dirt1.png
Dirt1.png
Dirt1.png
Dirt1.png
Dirt1.png
Dirt1.png
Dirt1.png
Dirt1.png
Dirt1.png
Dirt1.png
Dirt1.png
Dirt1.png
Dirt1.png
Dirt1.png
Dirt1.png
Dirt1.png
Dirt1.png
Dirt1.png
Dirt1.png
Dirt1.png
Dirt1.png
Dirt1.png
Dirt1.png
Dirt1.png
Dirt1.png
Dirt1.png
Dirt1.png
Dirt1.png
Dirt1.png
Dirt1.png
Dirt1.png
Dirt1.png
Dirt1.png
Dirt1.png
Dirt1.png
Dirt1.png
Dirt1.png
Dirt1.png
Dirt1.png
Dirt1.png
Dirt1.png
Dirt1.png
Dirt1.png
Dirt1.png
Dirt1.png
Dirt1.png
Dirt1.png
Dirt1.png
Dirt1.png
Dirt1.png
Dirt1.png
Dirt1.png
Dirt1.png
Dirt1.png
Dirt1.png
Dirt1.png
Dirt1.png
Dirt1.png
Dirt1.png
Dirt1.png
Dirt1.png
Dirt1.png
Dirt1.png
Dirt1.png
Dirt1.png
Dirt1.png
Dirt1.png
Dirt1.png
Dirt1.png
Dirt1.png
Dirt1.png
Dirt1.png
Dirt1.png
Dirt1.png
Dirt1.png
Dirt1.png
Dirt1.png
Dirt1.png
Dirt1.png
Dirt1.png
Dirt1.png
Dirt1.png
Dirt1.png
Dirt1.png
Dirt1.png
Dirt1.png
Dirt1.png
Dirt1.png
Dirt1.png
Dirt1.png
Dirt1.png
Dirt1.png
Dirt1.png
Dirt1.png
Dirt1.png
Dirt1.png
Dirt1.png
Dirt1.png
Dirt1.png
Dirt1.png
Dirt1.png
Dirt1.png
Dirt1.png
Dirt1.png
Dirt1.png
Dirt1.png
Dirt1.png
Dirt1.png
Dirt1.png
Dirt1.png
Dirt1.png
Dirt1.png
Dirt1.png
Dirt1.png
Dirt1.png
Dirt1.png
Dirt1.png
Dirt1.png
Dirt1.png
Dirt1.png
Dirt1.png
Dirt1.png
Dirt1.png
Dirt1.png
Dirt1.png
Dirt1.png
Dirt1.png
Dirt1.png
Dirt1.png
Dirt1.png
Dirt1.png
Dirt1.png
Dirt1.png
Dirt1.png
Dirt1.png
Dirt1.png
Dirt1.png
Dirt1.png
Dirt1.png
Dirt1.png
Dirt1.png
Dirt1.png
Dirt1.png
Dirt1.png
Dirt1.png
Dirt1.png
Dirt1.png
Dirt1.png
Dirt1.png
Dirt1.png
Dirt1.png
Dirt1.png
Dirt1.png
Dirt1.png
Dirt1.png
Dirt1.png
Dirt1.png
Dirt1.png
Dirt1.png
Dirt1.png
Dirt1.png
Dirt1.png
Dirt1.png
Dirt1.png
Dirt1.png
Dirt1.png
Dirt1.png
Dirt1.png
Dirt1.png
Dirt1.png
Dirt1.png
Dirt1.png
Dirt1.png
Dirt1.png
Dirt1.png
Dirt1.png
Dirt1.png
Dirt1.png
Dirt1.png
Dirt1.png
Dirt1.png
Dirt1.png
Dirt1.png
Dirt1.png
Dirt1.png
Dirt1.png
Dirt1.png
Dirt1.png
Dirt1.png
Dirt1.png
Dirt1.png
Dirt1.png
Dirt1.png
Dirt1.png
Dirt1.png
Dirt1.png
Dirt1.png
Dirt1.png
Dirt1.png
Dirt1.png
Dirt1.png
Dirt1.png
Dirt1.png
Dirt1.png
Dirt1.png
Dirt1.png
Dirt1.png
Dirt1.png
Dirt1.png
Dirt1.png
Dirt1.png
Dirt1.png
Dirt1.png
Dirt1.png
Dirt1.png
Dirt1.png
Dirt1.png
Dirt1.png
Dirt1.png
Dirt1.png
Dirt1.png
Dirt1.png
Dirt1.png
Dirt1.png
Dirt1.png
Dirt1.png
Dirt1.png
Dirt1.png
Dirt1.png
Dirt1.png
Dirt1.png
Dirt1.png
Dirt1.png
Dirt1.png
Dirt1.png
Dirt1.png
Dirt1.png
Dirt1.png
Dirt1.png
Dirt1.png
Dirt1.png
Dirt1.png
Dirt1.png
Dirt1.png
Dirt1.png
Dirt1.png
Dirt1.png
Dirt1.png
Dirt1.png
Dirt1.png
Dirt1.png
Dirt1.png
Dirt1.png
Dirt1.png
Dirt1.png
Dirt1.png
Dirt1.png
Dirt1.png
Dirt1.png
Dirt1.png
Dirt1.png
Dirt1.png
Dirt1.png
Dirt1.png
Dirt1.png
Dirt1.png
Dirt1.png
Dirt1.png
Dirt1.png
Dirt1.png
Dirt1.png
Dirt1.png
Dirt1.png
Dirt1.png
Dirt1.png
Dirt1.png
Dirt1.png
Dirt1.png
Dirt1.png
Dirt1.png
Dirt1.png
Dirt1.png
Dirt1.png
Dirt1.png
Dirt1.png
Dirt1.png
Dirt1.png
Dirt1.png
Dirt1.png
Dirt1.png
Dirt1.png
Dirt1.png
Dirt1.png
Dirt1.png
Dirt1.png
Dirt1.png
Dirt1.png
Dirt1.png
Dirt1.png
Dirt1.png
Dirt1.png
Dirt1.png
Dirt1.png
Dirt1.png
Dirt1.png
Dirt1.png
Dirt1.png
Dirt1.png
Dirt1.png
Dirt1.png
Dirt1.png
Dirt1.png
Dirt1.png
Dirt1.png
Dirt1.png
Dirt1.png
Dirt1.png
Dirt1.png
Dirt1.png
Dirt1.png
Dirt1.png
Dirt1.png
Dirt1.png
Dirt1.png
Dirt1.png
Dirt1.png
Dirt1.png
Dirt1.png
Dirt1.png
Dirt1.png
Dirt1.png
Dirt1.png
Dirt1.png
Dirt1.png
Dirt1.png
Dirt1.png
Dirt1.png
Dirt1.png
Dirt1.png
Dirt1.png
Dirt1.png
Dirt1.png
Dirt1.png
Dirt1.png
Dirt1.png
Dirt1.png
Dirt1.png
Dirt1.png
Dirt1.png
Dirt1.png
Dirt1.png
Dirt1.png
Dirt1.png
Dirt1.png
Dirt1.png
Dirt1.png
Dirt1.png
Dirt1.png
Dirt1.png
Dirt1.png
Dirt1.png
Dirt1.png
Dirt1.png
Dirt1.png
Dirt1.png
Dirt1.png
Dirt1.png
Dirt1.png
Dirt1.png
Dirt1.png
Dirt1.png
Dirt1.png
Dirt1.png
Dirt1.png
Dirt1.png
Dirt1.png
Dirt1.png
Dirt1.png
Dirt1.png
Dirt1.png
Dirt1.png
Dirt1.png
Dirt1.png
Dirt1.png
Dirt1.png
Dirt1.png
Dirt1.png
Dirt1.png
Dirt1.png
Dirt1.png
Dirt1.png
Dirt1.png
Dirt1.png
Dirt1.png
Dirt1.png
Dirt1.png
Dirt1.png
Dirt1.png
Dirt1.png
Dirt1.png
Dirt1.png
Dirt1.png
Dirt1.png
Dirt1.png
Dirt1.png
Dirt1.png
Dirt1.png
Dirt1.png
Dirt1.png
Dirt1.png
Dirt1.png
Dirt1.png
Dirt1.png
Dirt1.png
Dirt1.png
Dirt1.png
Dirt1.png
Dirt1.png
Dirt1.png
Dirt1.png
Dirt1.png
Dirt1.png
Dirt1.png
Dirt1.png
Dirt1.png
Dirt1.png
Dirt1.png
Dirt1.png
Dirt1.png
Dirt1.png
Dirt1.png
Dirt1.png
Dirt1.png
Dirt1.png
Dirt1.png
Dirt1.png
Dirt1.png
Dirt1.png
Dirt1.png
Dirt1.png
Dirt1.png
Dirt1.png
Dirt1.png
Dirt1.png
Dirt1.png
Dirt1.png
Dirt1.png
Dirt1.png
Dirt1.png
Dirt1.png
Dirt1.png
Dirt1.png
Dirt1.png
Dirt1.png
Dirt1.png
Dirt1.png
Dirt1.png
Dirt1.png
Dirt1.png
Dirt1.png
Dirt1.png
Dirt1.png
Dirt1.png
Dirt1.png
Dirt1.png
Dirt1.png
Dirt1.png
Dirt1.png
Dirt1.png
Dirt1.png
Dirt1.png
Dirt1.png
Dirt1.png
Dirt1.png
Dirt1.png
Dirt1.png
Dirt1.png
Dirt1.png
Dirt1.png
Dirt1.png
Dirt1.png
Dirt1.png
Dirt1.png
Dirt1.png
Dirt1.png
Dirt1.png
Dirt1.png
Dirt1.png
Dirt1.png
Dirt1.png
Dirt1.png
Dirt1.png
Dirt1.png
Dirt1.png
Dirt1.png
Dirt1.png
Dirt1.png
Dirt1.png
Dirt1.png
Dirt1.png
Dirt1.png
Dirt1.png
Dirt1.png
Dirt1.png
Dirt1.png
Dirt1.png
Dirt1.png
Dirt1.png
Dirt1.png
Dirt1.png
Dirt1.png
Dirt1.png
Dirt1.png
Dirt1.png
Dirt1.png
Dirt1.png
Dirt1.png
Dirt1.png
Dirt1.png
Dirt1.png
Dirt1.png
Dirt1.png
Dirt1.png
Dirt1.png
Dirt1.png
Dirt1.png
Dirt1.png
Dirt1.png
Dirt1.png
Dirt1.png
Dirt1.png
Dirt1.png
Dirt1.png
Dirt1.png
Dirt1.png
Dirt1.png
Dirt1.png
Dirt1.png
Dirt1.png
Dirt1.png
Dirt1.png
Dirt1.png
Dirt1.png
Dirt1.png
Dirt1.png
Dirt1.png
Dirt1.png
Dirt1.png
Dirt1.png
Dirt1.png
Dirt1.png
Dirt1.png
Dirt1.png
Dirt1.png
Dirt1.png
Dirt1.png
Dirt1.png
Dirt1.png
Dirt1.png
Dirt1.png
Dirt1.png
Dirt1.png
Dirt1.png
Dirt1.png
Dirt1.png
Dirt1.png
Dirt1.png
Dirt1.png
Dirt1.png
Dirt1.png
Dirt1.png
Dirt1.png
Dirt1.png
Dirt1.png
Dirt1.png
Dirt1.png
Dirt1.png
Dirt1.png
Dirt1.png
Dirt1.png
Dirt1.png
Dirt1.png
Dirt1.png
Dirt1.png
Dirt1.png
Dirt1.png
Dirt1.png
Dirt1.png
Dirt1.png
Dirt1.png
Dirt1.png
Dirt1.png
Dirt1.png
Dirt1.png
Dirt1.png
Dirt1.png
Dirt1.png
Dirt1.png
Dirt1.png
Dirt1.png
Dirt1.png
Dirt1.png
Dirt1.png
Dirt1.png
Dirt1.png
Dirt1.png
Dirt1.png
Dirt1.png
Dirt1.png
Dirt1.png
Dirt1.png
Dirt1.png
Dirt1.png
Dirt1.png
Dirt1.png
Dirt1.png
Dirt1.png
Dirt1.png
Dirt1.png
Dirt1.png
Dirt1.png
Dirt1.png
Dirt1.png
Dirt1.png
Dirt1.png
Dirt1.png
Dirt1.png
Dirt1.png
Dirt1.png
Dirt1.png
Dirt1.png
Dirt1.png
Dirt1.png
Dirt1.png
Dirt1.png
Dirt1.png
Dirt1.png
Dirt1.png
Dirt1.png
Dirt1.png
Dirt1.png
Dirt1.png
Dirt1.png
Dirt1.png
Dirt1.png
Dirt1.png
Dirt1.png
Dirt1.png
Dirt1.png
Dirt1.png
Dirt1.png
Dirt1.png
Dirt1.png
Dirt1.png
Dirt1.png
Dirt1.png
Dirt1.png
Dirt1.png
Dirt1.png
Dirt1.png
Dirt1.png
Dirt1.png
Dirt1.png
Dirt1.png
Dirt1.png
Dirt1.png
Dirt1.png
Dirt1.png
Dirt1.png
Dirt1.png
Dirt1.png
Dirt1.png
Dirt1.png
Dirt1.png
Dirt1.png
Dirt1.png
Dirt1.png
Dirt1.png
Dirt1.png
Dirt1.png
Dirt1.png
Dirt1.png
Dirt1.png
Dirt1.png
Dirt1.png
Dirt1.png
Dirt1.png
Dirt1.png
Dirt1.png
Dirt1.png
Dirt1.png
Dirt1.png
Dirt1.png
Dirt1.png
Dirt1.png
Dirt1.png
Dirt1.png
Dirt1.png
Dirt1.png
Dirt1.png
Dirt1.png
Dirt1.png
Dirt1.png
Dirt1.png
Dirt1.png
Dirt1.png
Dirt1.png
Dirt1.png
Dirt1.png
Dirt1.png
Dirt1.png
Dirt1.png
Dirt1.png
Dirt1.png
Dirt1.png
Dirt1.png
Dirt1.png
Dirt1.png
Dirt1.png
Dirt1.png
Dirt1.png
Dirt1.png
Dirt1.png
Dirt1.png
Dirt1.png
Dirt1.png
Dirt1.png
Dirt1.png
Dirt1.png
Dirt1.png
Dirt1.png
Dirt1.png
Dirt1.png
Dirt1.png
Dirt1.png
Dirt1.png
Dirt1.png
Dirt1.png
Dirt1.png
Dirt1.png
Dirt1.png
Dirt1.png
Dirt1.png
Dirt1.png
Dirt1.png
Dirt1.png
Dirt1.png
Dirt1.png
Dirt1.png
Dirt1.png
Dirt1.png
Dirt1.png
Dirt1.png
Dirt1.png
Dirt1.png
Dirt1.png
Dirt1.png
Dirt1.png
Dirt1.png
Dirt1.png
Dirt1.png
Dirt1.png
Dirt1.png
Dirt1.png
Dirt1.png
Dirt1.png
Dirt1.png
Dirt1.png
Dirt1.png
Dirt1.png
Dirt1.png
Dirt1.png
Dirt1.png
Dirt1.png
Dirt1.png
Dirt1.png
Dirt1.png
Dirt1.png
Dirt1.png
Dirt1.png
Dirt1.png
Dirt1.png
Dirt1.png
Dirt1.png
Dirt1.png
Dirt1.png
Dirt1.png
Dirt1.png
Dirt1.png
Dirt1.png
Dirt1.png
Dirt1.png
Dirt1.png
Dirt1.png
Dirt1.png
Dirt1.png
Dirt1.png
Dirt1.png
Dirt1.png
Dirt1.png
Dirt1.png
Dirt1.png
Dirt1.png
Dirt1.png
Dirt1.png
Dirt1.png
Dirt1.png
Dirt1.png
Dirt1.png
Dirt1.png
Dirt1.png
Dirt1.png
Dirt1.png
Dirt1.png
Dirt1.png
Dirt1.png
Dirt1.png
Dirt1.png
Dirt1.png
Dirt1.png
Dirt1.png
Dirt1.png
Dirt1.png
Dirt1.png
Dirt1.png
Dirt1.png
Dirt1.png
Dirt1.png
Dirt1.png
Dirt1.png
Dirt1.png
Dirt1.png
Dirt1.png
Dirt1.png
Dirt1.png
Dirt1.png
Dirt1.png
Dirt1.png
Dirt1.png
Dirt1.png
Dirt1.png
Dirt1.png
Dirt1.png
Dirt1.png
Dirt1.png
Dirt1.png
Dirt1.png
Dirt1.png
Dirt1.png
Dirt1.png
Dirt1.png
Dirt1.png
Dirt1.png
Dirt1.png
Dirt1.png
Dirt1.png
Dirt1.png
Dirt1.png
Dirt1.png
Dirt1.png
Dirt1.png
Dirt1.png
Dirt1.png
Dirt1.png
Dirt1.png
Dirt1.png
Dirt1.png
Dirt1.png
Dirt1.png
Dirt1.png
Dirt1.png
Dirt1.png
Dirt1.png
Dirt1.png
Dirt1.png
Dirt1.png
Dirt1.png
Dirt1.png
Dirt1.png
Dirt1.png
Dirt1.png
Dirt1.png
Dirt1.png
Dirt1.png
Dirt1.png
Dirt1.png
Dirt1.png
Dirt1.png
Dirt1.png
Dirt1.png
Dirt1.png
Dirt1.png
Dirt1.png
Dirt1.png
Dirt1.png
Dirt1.png
Dirt1.png
Dirt1.png
Dirt1.png
Dirt1.png
Dirt1.png
Dirt1.png
Dirt1.png
Dirt1.png
Dirt1.png
Dirt1.png
Dirt1.png
Dirt1.png
Dirt1.png
Dirt1.png
Dirt1.png
Dirt1.png
Dirt1.png
Dirt1.png
Dirt1.png
Dirt1.png
Dirt1.png
Dirt1.png
Dirt1.png
Dirt1.png
Dirt1.png
Dirt1.png
Dirt1.png
Dirt1.png
Dirt1.png
Dirt1.png
Dirt1.png
Dirt1.png
Dirt1.png
Dirt1.png
Dirt1.png
Dirt1.png
Dirt1.png
Dirt1.png
Dirt1.png
Dirt1.png
Dirt1.png
Dirt1.png
Dirt1.png
Dirt1.png
Dirt1.png
Dirt1.png
Dirt1.png
Dirt1.png
Dirt1.png
Dirt1.png
Dirt1.png
Dirt1.png
Dirt1.png
Dirt1.png
Dirt1.png
Dirt1.png
Dirt1.png
Dirt1.png
Dirt1.png
Dirt1.png
Dirt1.png
Dirt1.png
Dirt1.png
Dirt1.png
Dirt1.png
Dirt1.png
Dirt1.png
Dirt1.png
Dirt1.png
Dirt1.png
Dirt1.png
Dirt1.png
Dirt1.png
Dirt1.png
Dirt1.png
Dirt1.png
Dirt1.png
Dirt1.png
Dirt1.png
Dirt1.png
Dirt1.png
Dirt1.png
Dirt1.png
Dirt1.png
Dirt1.png
Dirt1.png
Dirt1.png
Dirt1.png
Dirt1.png
Dirt1.png
Dirt1.png
Dirt1.png
Dirt1.png
Dirt1.png
Dirt1.png
Dirt1.png
Dirt1.png
Dirt1.png
Dirt1.png
Dirt1.png
Dirt1.png
Dirt1.png
Dirt1.png
Dirt1.png
Dirt1.png
Dirt1.png
Dirt1.png
Dirt1.png
Dirt1.png
Dirt1.png
Dirt1.png
Dirt1.png
Dirt1.png
Dirt1.png
Dirt1.png
Dirt1.png
Dirt1.png
Dirt1.png
Dirt1.png
Dirt1.png
Dirt1.png
Dirt1.png
Dirt1.png
Dirt1.png
Dirt1.png
Dirt1.png
Dirt1.png
Dirt1.png
Dirt1.png
Dirt1.png
Dirt1.png
Dirt1.png
Dirt1.png
Dirt1.png
Dirt1.png
Dirt1.png
Dirt1.png
Dirt1.png
Dirt1.png
Dirt1.png
Dirt1.png
Dirt1.png
Dirt1.png
Dirt1.png
Dirt1.png
Dirt1.png
Dirt1.png
Dirt1.png
Dirt1.png
Dirt1.png
Dirt1.png
Dirt1.png
Dirt1.png
Dirt1.png
Dirt1.png
Dirt1.png
Dirt1.png
Dirt1.png
Dirt1.png
Dirt1.png
Dirt1.png
Dirt1.png
Dirt1.png
Dirt1.png
Dirt1.png
Dirt1.png
Dirt1.png
Dirt1.png
Dirt1.png
Dirt1.png
Dirt1.png
Dirt1.png
Dirt1.png
Dirt1.png
Dirt1.png
Dirt1.png
Dirt1.png
Dirt1.png
Dirt1.png
Dirt1.png
Dirt1.png
Dirt1.png
Dirt1.png
Dirt1.png
Dirt1.png
Dirt1.png
Dirt1.png
Dirt1.png
Dirt1.png
Dirt1.png
Dirt1.png
Dirt1.png
Dirt1.png
Dirt1.png
Dirt1.png
Dirt1.png
Dirt1.png
Dirt1.png
Dirt1.png
Dirt1.png
Dirt1.png
Dirt1.png
Dirt1.png
Dirt1.png
Dirt1.png
Dirt1.png
Dirt1.png
Dirt1.png
Dirt1.png
Dirt1.png
Dirt1.png
Dirt1.png
Dirt1.png
Dirt1.png
Dirt1.png
Dirt1.png
Dirt1.png
Dirt1.png
Dirt1.png
Dirt1.png
Dirt1.png
Dirt1.png
Dirt1.png
Dirt1.png
Dirt1.png
Dirt1.png
Dirt1.png
Dirt1.png
Dirt1.png
Dirt1.png
Dirt1.png
Dirt1.png
Dirt1.png
Dirt1.png
Dirt1.png
Dirt1.png
Dirt1.png
Dirt1.png
Dirt1.png
Dirt1.png
Dirt1.png
Dirt1.png
Dirt1.png
Dirt1.png
Dirt1.png
Dirt1.png
Dirt1.png
Dirt1.png
Dirt1.png
Dirt1.png
Dirt1.png
Dirt1.png
Dirt1.png
Dirt1.png
Dirt1.png
Dirt1.png
Dirt1.png
Dirt1.png
Dirt1.png
Dirt1.png
Dirt1.png
Dirt1.png
Dirt1.png
Dirt1.png
Dirt1.png
Dirt1.png
Dirt1.png
Dirt1.png
Dirt1.png
Dirt1.png
Dirt1.png
Dirt1.png
Dirt1.png
Dirt1.png
Dirt1.png
Dirt1.png
Dirt1.png
Dirt1.png
Dirt1.png
Dirt1.png
Dirt1.png
Dirt1.png
Dirt1.png
Dirt1.png
Dirt1.png
Dirt1.png
Dirt1.png
Dirt1.png
Dirt1.png
Dirt1.png
Dirt1.png
Dirt1.png
Dirt1.png
Dirt1.png
Dirt1.png
Dirt1.png
Dirt1.png
Dirt1.png
Dirt1.png
Dirt1.png
Dirt1.png
Dirt1.png
Dirt1.png
Dirt1.png
Dirt1.png
Dirt1.png
Dirt1.png
Dirt1.png
Dirt1.png
Dirt1.png
Dirt1.png
Dirt1.png
Dirt1.png
Dirt1.png
Dirt1.png
Dirt1.png
Dirt1.png
Dirt1.png
Dirt1.png
Dirt1.png
Dirt1.png
Dirt1.png
Dirt1.png
Dirt1.png
Dirt1.png
Dirt1.png
Dirt1.png
Dirt1.png
Dirt1.png
Dirt1.png
Dirt1.png
Dirt1.png
Dirt1.png
Dirt1.png
Dirt1.png
Dirt1.png
Dirt1.png
Dirt1.png
Dirt1.png
Dirt1.png
Dirt1.png
Dirt1.png
Dirt1.png
Dirt1.png
Dirt1.png
Dirt1.png
Dirt1.png
Dirt1.png
Dirt1.png
Dirt1.png
Dirt1.png
Dirt1.png
Dirt1.png
Dirt1.png
Dirt1.png
Dirt1.png
Dirt1.png
Dirt1.png
Dirt1.png
Dirt1.png
Dirt1.png
Dirt1.png
Dirt1.png
Dirt1.png
Dirt1.png
Dirt1.png
Dirt1.png
Dirt1.png
Dirt1.png
Dirt1.png
Dirt1.png
Dirt1.png
Dirt1.png
Dirt1.png
Dirt1.png
Dirt1.png
Dirt1.png
Dirt1.png
Dirt1.png
Dirt1.png
Dirt1.png
Dirt1.png